Wklv#lv#d#whvw#phvvdjh#wr#hqfu|sw1
Wklv#lv#d#whvw#phvvdjh#wr#hqfu|sw1
This is a test message to encrypt.
This is a test message to encrypt.
This is a test message to encrypt.
This is a test message to encrypt.
This is a test message to encrypt.
This is a test message to encrypt.
